// Jest Snapshot v1, https://goo.gl/fbAQLP

exports[`AppTabBarButton renders correctly 1`] = `
<View
  accessible={true}
  focusable={false}
  onClick={[Function]}
  onResponderGrant={[Function]}
  onResponderMove={[Function]}
  onResponderRelease={[Function]}
  onResponderTerminate={[Function]}
  onResponderTerminationRequest={[Function]}
  onStartShouldSetResponder={[Function]}
  style={
    Object {
      "opacity": 1,
      "top": -20,
    }
  }
>
  <View
    style={
      Object {
        "alignItems": "center",
        "backgroundColor": "#fff",
        "borderRadius": 30,
        "height": 60,
        "justifyContent": "center",
        "shadowColor": "tomato",
        "shadowOpacity": 1,
        "width": 60,
      }
    }
  >
    <View
      style={
        Object {
          "alignItems": "center",
          "backgroundColor": "tomato",
          "borderRadius": 25,
          "height": 50,
          "justifyContent": "center",
          "width": 50,
        }
      }
    >
      <Text />
    </View>
  </View>
</View>
`;
